app-initializer.service.ts:62 [AppInitializer] Starting zone-less application initialization...
index.esm2017.js:1498 App Check debug token: 70b7261a-e504-41c9-9000-0c7756113bb1. You will need to add it to your app's App Check settings in the Firebase console for it to work.
login:1  Tracking Prevention blocked access to storage for https://www.google.com/.
login:1  Tracking Prevention blocked access to storage for https://www.google.com/.
app.config.ts:90   POST https://content-firebaseappcheck.googleapis.com/v1/projects/elite-chiller-455712-c4/apps/1:7807661688:web:2864a76608f64ac61d1f8d:exchangeDebugToken?key=AIzaSyCJ-eayGjJwBKsNIh3oEAG2GjbfTrvAMEI 403 (Forbidden)
exchangeToken @ index.esm2017.js:331
await in exchangeToken
getToken$2 @ index.esm2017.js:748
await in getToken$2
(匿名) @ index.esm2017.js:937
process @ index.esm2017.js:159
await in process
start @ index.esm2017.js:127
initTokenRefresher @ index.esm2017.js:923
(匿名) @ index.esm2017.js:897
Promise.then
addTokenListener @ index.esm2017.js:897
initializeAppCheck @ index.esm2017.js:1525
(匿名) @ angular-fire.mjs:174
(匿名) @ angular-fire.mjs:127
runOutsideAngular @ debug_node.mjs:16578
runOutsideAngular @ angular-fire.mjs:127
(匿名) @ angular-fire.mjs:174
(匿名) @ app.config.ts:90
(匿名) @ angular-fire-app-check.mjs:36
runOutsideAngular @ debug_node.mjs:16578
(匿名) @ angular-fire-app-check.mjs:36
factory @ root_effect_scheduler.mjs:2198
(匿名) @ root_effect_scheduler.mjs:2095
runInInjectorProfilerContext @ root_effect_scheduler.mjs:720
hydrate @ root_effect_scheduler.mjs:2093
get @ root_effect_scheduler.mjs:1957
retrieve @ root_effect_scheduler.mjs:1853
injectInjectorOnly @ root_effect_scheduler.mjs:945
ɵɵinject @ root_effect_scheduler.mjs:957
injectArgs @ root_effect_scheduler.mjs:1097
multiRecord.factory @ root_effect_scheduler.mjs:2068
(匿名) @ root_effect_scheduler.mjs:2095
runInInjectorProfilerContext @ root_effect_scheduler.mjs:720
hydrate @ root_effect_scheduler.mjs:2093
get @ root_effect_scheduler.mjs:1957
retrieve @ root_effect_scheduler.mjs:1853
injectInjectorOnly @ root_effect_scheduler.mjs:945
ɵɵinject @ root_effect_scheduler.mjs:957
injectArgs @ root_effect_scheduler.mjs:1094
factory @ root_effect_scheduler.mjs:2210
(匿名) @ root_effect_scheduler.mjs:2095
runInInjectorProfilerContext @ root_effect_scheduler.mjs:720
hydrate @ root_effect_scheduler.mjs:2093
get @ root_effect_scheduler.mjs:1957
retrieve @ root_effect_scheduler.mjs:1853
injectInjectorOnly @ root_effect_scheduler.mjs:945
ɵɵinject @ root_effect_scheduler.mjs:957
injectArgs @ root_effect_scheduler.mjs:1094
factory @ root_effect_scheduler.mjs:2198
(匿名) @ root_effect_scheduler.mjs:2095
runInInjectorProfilerContext @ root_effect_scheduler.mjs:720
hydrate @ root_effect_scheduler.mjs:2093
get @ root_effect_scheduler.mjs:1957
retrieve @ root_effect_scheduler.mjs:1853
injectInjectorOnly @ root_effect_scheduler.mjs:945
ɵɵinject @ root_effect_scheduler.mjs:957
injectArgs @ root_effect_scheduler.mjs:1097
multiRecord.factory @ root_effect_scheduler.mjs:2068
(匿名) @ root_effect_scheduler.mjs:2095
runInInjectorProfilerContext @ root_effect_scheduler.mjs:720
hydrate @ root_effect_scheduler.mjs:2093
get @ root_effect_scheduler.mjs:1957
retrieve @ root_effect_scheduler.mjs:1853
injectInjectorOnly @ root_effect_scheduler.mjs:945
ɵɵinject @ root_effect_scheduler.mjs:957
injectArgs @ root_effect_scheduler.mjs:1094
factory @ root_effect_scheduler.mjs:2198
(匿名) @ root_effect_scheduler.mjs:2095
runInInjectorProfilerContext @ root_effect_scheduler.mjs:720
hydrate @ root_effect_scheduler.mjs:2093
get @ root_effect_scheduler.mjs:1957
retrieve @ root_effect_scheduler.mjs:1853
injectInjectorOnly @ root_effect_scheduler.mjs:945
ɵɵinject @ root_effect_scheduler.mjs:957
inject @ root_effect_scheduler.mjs:1043
<instance_members_initializer> @ app-initializer.service.ts:41
_AppInitializerService @ app-initializer.service.ts:40
AppInitializerService_Factory @ app-initializer.service.ts:90
(匿名) @ root_effect_scheduler.mjs:2095
runInInjectorProfilerContext @ root_effect_scheduler.mjs:720
hydrate @ root_effect_scheduler.mjs:2093
get @ root_effect_scheduler.mjs:1957
retrieve @ root_effect_scheduler.mjs:1853
injectInjectorOnly @ root_effect_scheduler.mjs:945
ɵɵinject @ root_effect_scheduler.mjs:957
injectArgs @ root_effect_scheduler.mjs:1097
factory @ root_effect_scheduler.mjs:2198
(匿名) @ root_effect_scheduler.mjs:2095
runInInjectorProfilerContext @ root_effect_scheduler.mjs:720
hydrate @ root_effect_scheduler.mjs:2093
get @ root_effect_scheduler.mjs:1957
retrieve @ root_effect_scheduler.mjs:1853
injectInjectorOnly @ root_effect_scheduler.mjs:945
ɵɵinject @ root_effect_scheduler.mjs:957
injectArgs @ root_effect_scheduler.mjs:1097
multiRecord.factory @ root_effect_scheduler.mjs:2068
(匿名) @ root_effect_scheduler.mjs:2095
runInInjectorProfilerContext @ root_effect_scheduler.mjs:720
hydrate @ root_effect_scheduler.mjs:2093
get @ root_effect_scheduler.mjs:1957
retrieve @ root_effect_scheduler.mjs:1853
injectInjectorOnly @ root_effect_scheduler.mjs:945
ɵɵinject @ root_effect_scheduler.mjs:957
inject @ root_effect_scheduler.mjs:1043
<instance_members_initializer> @ debug_node.mjs:19634
_ApplicationInitStatus @ debug_node.mjs:19636
ApplicationInitStatus_Factory @ debug_node.mjs:19679
(匿名) @ root_effect_scheduler.mjs:2095
runInInjectorProfilerContext @ root_effect_scheduler.mjs:720
hydrate @ root_effect_scheduler.mjs:2093
get @ root_effect_scheduler.mjs:1957
(匿名) @ core.mjs:946
_callAndReportToErrorHandler @ core.mjs:1008
(匿名) @ core.mjs:945
run @ debug_node.mjs:16572
bootstrap @ core.mjs:904
internalCreateApplication @ core.mjs:2655
bootstrapApplication @ browser.mjs:430
(匿名) @ main.ts:43
app.config.ts:81  [2026-01-15T03:06:31.898Z]  @firebase/auth: Auth (11.10.0): Error while retrieving App Check token: FirebaseError: AppCheck: Fetch server returned an HTTP error status. HTTP status: 403. (appCheck/fetch-status-error).
defaultLogHandler @ index.esm2017.js:78
warn @ index.esm2017.js:157
_logWarn @ index-35c79a8a.js:448
_getAppCheckToken @ index-35c79a8a.js:3185
await in _getAppCheckToken
_getAdditionalHeaders @ index-35c79a8a.js:3167
await in _getAdditionalHeaders
(匿名) @ index-35c79a8a.js:902
_performFetchWithErrorHandling @ index-35c79a8a.js:928
_performApiRequest @ index-35c79a8a.js:888
getAccountInfo @ index-35c79a8a.js:1178
_reloadWithoutSaving @ index-35c79a8a.js:1491
await in _reloadWithoutSaving
reloadAndSetCurrentUserOrClear @ index-35c79a8a.js:2829
initializeCurrentUser @ index-35c79a8a.js:2781
await in initializeCurrentUser
(匿名) @ index-35c79a8a.js:2683
Promise.then
queue @ index-35c79a8a.js:3129
_initializeWithPersistence @ index-35c79a8a.js:2662
_initializeAuthInstance @ index-35c79a8a.js:3725
(匿名) @ index-35c79a8a.js:11011
getOrInitializeService @ index.esm2017.js:290
initialize @ index.esm2017.js:234
initializeAuth @ index-35c79a8a.js:3713
getAuth @ index-35c79a8a.js:11090
(匿名) @ angular-fire.mjs:174
(匿名) @ angular-fire.mjs:127
runOutsideAngular @ debug_node.mjs:16578
runOutsideAngular @ angular-fire.mjs:127
(匿名) @ angular-fire.mjs:174
(匿名) @ app.config.ts:81
(匿名) @ angular-fire-auth.mjs:31
runOutsideAngular @ debug_node.mjs:16578
(匿名) @ angular-fire-auth.mjs:31
factory @ root_effect_scheduler.mjs:2198
(匿名) @ root_effect_scheduler.mjs:2095
runInInjectorProfilerContext @ root_effect_scheduler.mjs:720
hydrate @ root_effect_scheduler.mjs:2093
get @ root_effect_scheduler.mjs:1957
retrieve @ root_effect_scheduler.mjs:1853
injectInjectorOnly @ root_effect_scheduler.mjs:945
ɵɵinject @ root_effect_scheduler.mjs:957
injectArgs @ root_effect_scheduler.mjs:1097
multiRecord.factory @ root_effect_scheduler.mjs:2068
(匿名) @ root_effect_scheduler.mjs:2095
runInInjectorProfilerContext @ root_effect_scheduler.mjs:720
hydrate @ root_effect_scheduler.mjs:2093
get @ root_effect_scheduler.mjs:1957
retrieve @ root_effect_scheduler.mjs:1853
injectInjectorOnly @ root_effect_scheduler.mjs:945
ɵɵinject @ root_effect_scheduler.mjs:957
injectArgs @ root_effect_scheduler.mjs:1094
factory @ root_effect_scheduler.mjs:2198
(匿名) @ root_effect_scheduler.mjs:2095
runInInjectorProfilerContext @ root_effect_scheduler.mjs:720
hydrate @ root_effect_scheduler.mjs:2093
get @ root_effect_scheduler.mjs:1957
retrieve @ root_effect_scheduler.mjs:1853
injectInjectorOnly @ root_effect_scheduler.mjs:945
ɵɵinject @ root_effect_scheduler.mjs:957
inject @ root_effect_scheduler.mjs:1043
<instance_members_initializer> @ app-initializer.service.ts:41
_AppInitializerService @ app-initializer.service.ts:40
AppInitializerService_Factory @ app-initializer.service.ts:90
(匿名) @ root_effect_scheduler.mjs:2095
runInInjectorProfilerContext @ root_effect_scheduler.mjs:720
hydrate @ root_effect_scheduler.mjs:2093
get @ root_effect_scheduler.mjs:1957
retrieve @ root_effect_scheduler.mjs:1853
injectInjectorOnly @ root_effect_scheduler.mjs:945
ɵɵinject @ root_effect_scheduler.mjs:957
injectArgs @ root_effect_scheduler.mjs:1097
factory @ root_effect_scheduler.mjs:2198
(匿名) @ root_effect_scheduler.mjs:2095
runInInjectorProfilerContext @ root_effect_scheduler.mjs:720
hydrate @ root_effect_scheduler.mjs:2093
get @ root_effect_scheduler.mjs:1957
retrieve @ root_effect_scheduler.mjs:1853
injectInjectorOnly @ root_effect_scheduler.mjs:945
ɵɵinject @ root_effect_scheduler.mjs:957
injectArgs @ root_effect_scheduler.mjs:1097
multiRecord.factory @ root_effect_scheduler.mjs:2068
(匿名) @ root_effect_scheduler.mjs:2095
runInInjectorProfilerContext @ root_effect_scheduler.mjs:720
hydrate @ root_effect_scheduler.mjs:2093
get @ root_effect_scheduler.mjs:1957
retrieve @ root_effect_scheduler.mjs:1853
injectInjectorOnly @ root_effect_scheduler.mjs:945
ɵɵinject @ root_effect_scheduler.mjs:957
inject @ root_effect_scheduler.mjs:1043
<instance_members_initializer> @ debug_node.mjs:19634
_ApplicationInitStatus @ debug_node.mjs:19636
ApplicationInitStatus_Factory @ debug_node.mjs:19679
(匿名) @ root_effect_scheduler.mjs:2095
runInInjectorProfilerContext @ root_effect_scheduler.mjs:720
hydrate @ root_effect_scheduler.mjs:2093
get @ root_effect_scheduler.mjs:1957
(匿名) @ core.mjs:946
_callAndReportToErrorHandler @ core.mjs:1008
(匿名) @ core.mjs:945
run @ debug_node.mjs:16572
bootstrap @ core.mjs:904
internalCreateApplication @ core.mjs:2655
bootstrapApplication @ browser.mjs:430
(匿名) @ main.ts:43
app-initializer.service.ts:69 [AppInitializer] Firebase Auth state received: Authenticated
app-initializer.service.ts:80 [AppInitializer] Zone-less application initialization complete
app-initializer.service.ts:81 [AppInitializer] All state managed through @ngrx/signals
debug_node.mjs:17814 Angular is running in development mode.
main.ts:45 [Bootstrap] Zone-less application started successfully (Angular 20+)
main.ts:46 [Bootstrap] Change detection: Signal-based (Zone.js not loaded)
auth.service.ts:31  Calling Firebase APIs outside of an Injection context may destabilize your application leading to subtle change-detection and hydration bugs. Find more at https://github.com/angular/angularfire/blob/main/docs/zones.md
warnOutsideInjectionContext @ angular-fire.mjs:114
(匿名) @ angular-fire.mjs:160
login @ auth.service.ts:31
(匿名) @ auth.store.ts:65
(匿名) @ switchMap.js:14
OperatorSubscriber2._this._next @ OperatorSubscriber.js:15
Subscriber2.next @ Subscriber.js:34
(匿名) @ tap.js:18
OperatorSubscriber2._this._next @ OperatorSubscriber.js:15
Subscriber2.next @ Subscriber.js:34
(匿名) @ Subject.js:41
errorContext @ errorContext.js:19
Subject2.next @ Subject.js:31
rxMethodFn @ ngrx-signals-rxjs-interop.mjs:14
login @ auth.store.ts:161
onSubmit @ login.component.ts:202
LoginComponent_Template_form_ngSubmit_4_listener @ login.component.ts:15
executeListenerWithErrorHandling @ debug_node.mjs:12874
wrapListenerIn_markDirtyAndPreventDefault @ debug_node.mjs:12857
ConsumerObserver2.next @ Subscriber.js:96
Subscriber2._next @ Subscriber.js:63
Subscriber2.next @ Subscriber.js:34
(匿名) @ Subject.js:41
errorContext @ errorContext.js:19
Subject2.next @ Subject.js:31
emit @ debug_node.mjs:16030
onSubmit @ forms.mjs:5630
FormGroupDirective_submit_HostBindingHandler @ forms.mjs:5727
executeListenerWithErrorHandling @ debug_node.mjs:12874
wrapListenerIn_markDirtyAndPreventDefault @ debug_node.mjs:12857
(匿名) @ dom_renderer.mjs:709
auth.service.ts:31   POST https://content-firebaseappcheck.googleapis.com/v1/projects/elite-chiller-455712-c4/apps/1:7807661688:web:2864a76608f64ac61d1f8d:exchangeDebugToken?key=AIzaSyCJ-eayGjJwBKsNIh3oEAG2GjbfTrvAMEI 403 (Forbidden)
exchangeToken @ index.esm2017.js:331
await in exchangeToken
getToken$2 @ index.esm2017.js:748
await in getToken$2
getToken @ index.esm2017.js:1049
_getAppCheckToken @ index-35c79a8a.js:3179
_getAdditionalHeaders @ index-35c79a8a.js:3167
await in _getAdditionalHeaders
(匿名) @ index-35c79a8a.js:902
_performFetchWithErrorHandling @ index-35c79a8a.js:928
_performApiRequest @ index-35c79a8a.js:888
_performSignInRequest @ index-35c79a8a.js:976
signInWithPassword @ index-35c79a8a.js:3971
handleRecaptchaFlow @ index-35c79a8a.js:3590
_getIdTokenResponse @ index-35c79a8a.js:4099
_processCredentialSavingMfaContextIfNecessary @ index-35c79a8a.js:5671
_signInWithCredential @ index-35c79a8a.js:5818
signInWithCredential @ index-35c79a8a.js:5840
signInWithEmailAndPassword @ index-35c79a8a.js:6289
(匿名) @ angular-fire.mjs:161
login @ auth.service.ts:31
(匿名) @ auth.store.ts:65
(匿名) @ switchMap.js:14
OperatorSubscriber2._this._next @ OperatorSubscriber.js:15
Subscriber2.next @ Subscriber.js:34
(匿名) @ tap.js:18
OperatorSubscriber2._this._next @ OperatorSubscriber.js:15
Subscriber2.next @ Subscriber.js:34
(匿名) @ Subject.js:41
errorContext @ errorContext.js:19
Subject2.next @ Subject.js:31
rxMethodFn @ ngrx-signals-rxjs-interop.mjs:14
login @ auth.store.ts:161
onSubmit @ login.component.ts:202
LoginComponent_Template_form_ngSubmit_4_listener @ login.component.ts:15
executeListenerWithErrorHandling @ debug_node.mjs:12874
wrapListenerIn_markDirtyAndPreventDefault @ debug_node.mjs:12857
ConsumerObserver2.next @ Subscriber.js:96
Subscriber2._next @ Subscriber.js:63
Subscriber2.next @ Subscriber.js:34
(匿名) @ Subject.js:41
errorContext @ errorContext.js:19
Subject2.next @ Subject.js:31
emit @ debug_node.mjs:16030
onSubmit @ forms.mjs:5630
FormGroupDirective_submit_HostBindingHandler @ forms.mjs:5727
executeListenerWithErrorHandling @ debug_node.mjs:12874
wrapListenerIn_markDirtyAndPreventDefault @ debug_node.mjs:12857
(匿名) @ dom_renderer.mjs:709
auth.service.ts:31  [2026-01-15T03:06:37.413Z]  @firebase/auth: Auth (11.10.0): Error while retrieving App Check token: FirebaseError: AppCheck: Fetch server returned an HTTP error status. HTTP status: 403. (appCheck/fetch-status-error).
defaultLogHandler @ index.esm2017.js:78
warn @ index.esm2017.js:157
_logWarn @ index-35c79a8a.js:448
_getAppCheckToken @ index-35c79a8a.js:3185
await in _getAppCheckToken
_getAdditionalHeaders @ index-35c79a8a.js:3167
await in _getAdditionalHeaders
(匿名) @ index-35c79a8a.js:902
_performFetchWithErrorHandling @ index-35c79a8a.js:928
_performApiRequest @ index-35c79a8a.js:888
_performSignInRequest @ index-35c79a8a.js:976
signInWithPassword @ index-35c79a8a.js:3971
handleRecaptchaFlow @ index-35c79a8a.js:3590
_getIdTokenResponse @ index-35c79a8a.js:4099
_processCredentialSavingMfaContextIfNecessary @ index-35c79a8a.js:5671
_signInWithCredential @ index-35c79a8a.js:5818
signInWithCredential @ index-35c79a8a.js:5840
signInWithEmailAndPassword @ index-35c79a8a.js:6289
(匿名) @ angular-fire.mjs:161
login @ auth.service.ts:31
(匿名) @ auth.store.ts:65
(匿名) @ switchMap.js:14
OperatorSubscriber2._this._next @ OperatorSubscriber.js:15
Subscriber2.next @ Subscriber.js:34
(匿名) @ tap.js:18
OperatorSubscriber2._this._next @ OperatorSubscriber.js:15
Subscriber2.next @ Subscriber.js:34
(匿名) @ Subject.js:41
errorContext @ errorContext.js:19
Subject2.next @ Subject.js:31
rxMethodFn @ ngrx-signals-rxjs-interop.mjs:14
login @ auth.store.ts:161
onSubmit @ login.component.ts:202
LoginComponent_Template_form_ngSubmit_4_listener @ login.component.ts:15
executeListenerWithErrorHandling @ debug_node.mjs:12874
wrapListenerIn_markDirtyAndPreventDefault @ debug_node.mjs:12857
ConsumerObserver2.next @ Subscriber.js:96
Subscriber2._next @ Subscriber.js:63
Subscriber2.next @ Subscriber.js:34
(匿名) @ Subject.js:41
errorContext @ errorContext.js:19
Subject2.next @ Subject.js:31
emit @ debug_node.mjs:16030
onSubmit @ forms.mjs:5630
FormGroupDirective_submit_HostBindingHandler @ forms.mjs:5727
executeListenerWithErrorHandling @ debug_node.mjs:12874
wrapListenerIn_markDirtyAndPreventDefault @ debug_node.mjs:12857
(匿名) @ dom_renderer.mjs:709
auth.service.ts:31   POST https://content-firebaseappcheck.googleapis.com/v1/projects/elite-chiller-455712-c4/apps/1:7807661688:web:2864a76608f64ac61d1f8d:exchangeDebugToken?key=AIzaSyCJ-eayGjJwBKsNIh3oEAG2GjbfTrvAMEI 403 (Forbidden)
exchangeToken @ index.esm2017.js:331
await in exchangeToken
getToken$2 @ index.esm2017.js:748
await in getToken$2
getToken @ index.esm2017.js:1049
_getAppCheckToken @ index-35c79a8a.js:3179
_getAdditionalHeaders @ index-35c79a8a.js:3167
await in _getAdditionalHeaders
(匿名) @ index-35c79a8a.js:902
_performFetchWithErrorHandling @ index-35c79a8a.js:928
_performApiRequest @ index-35c79a8a.js:888
getAccountInfo @ index-35c79a8a.js:1178
_reloadWithoutSaving @ index-35c79a8a.js:1491
await in _reloadWithoutSaving
_fromIdTokenResponse @ index-35c79a8a.js:1916
_fromIdTokenResponse @ index-35c79a8a.js:5549
_signInWithCredential @ index-35c79a8a.js:5819
await in _signInWithCredential
signInWithCredential @ index-35c79a8a.js:5840
signInWithEmailAndPassword @ index-35c79a8a.js:6289
(匿名) @ angular-fire.mjs:161
login @ auth.service.ts:31
(匿名) @ auth.store.ts:65
(匿名) @ switchMap.js:14
OperatorSubscriber2._this._next @ OperatorSubscriber.js:15
Subscriber2.next @ Subscriber.js:34
(匿名) @ tap.js:18
OperatorSubscriber2._this._next @ OperatorSubscriber.js:15
Subscriber2.next @ Subscriber.js:34
(匿名) @ Subject.js:41
errorContext @ errorContext.js:19
Subject2.next @ Subject.js:31
rxMethodFn @ ngrx-signals-rxjs-interop.mjs:14
login @ auth.store.ts:161
onSubmit @ login.component.ts:202
LoginComponent_Template_form_ngSubmit_4_listener @ login.component.ts:15
executeListenerWithErrorHandling @ debug_node.mjs:12874
wrapListenerIn_markDirtyAndPreventDefault @ debug_node.mjs:12857
ConsumerObserver2.next @ Subscriber.js:96
Subscriber2._next @ Subscriber.js:63
Subscriber2.next @ Subscriber.js:34
(匿名) @ Subject.js:41
errorContext @ errorContext.js:19
Subject2.next @ Subject.js:31
emit @ debug_node.mjs:16030
onSubmit @ forms.mjs:5630
FormGroupDirective_submit_HostBindingHandler @ forms.mjs:5727
executeListenerWithErrorHandling @ debug_node.mjs:12874
wrapListenerIn_markDirtyAndPreventDefault @ debug_node.mjs:12857
(匿名) @ dom_renderer.mjs:709
auth.service.ts:31  [2026-01-15T03:06:37.854Z]  @firebase/auth: Auth (11.10.0): Error while retrieving App Check token: FirebaseError: AppCheck: Fetch server returned an HTTP error status. HTTP status: 403. (appCheck/fetch-status-error).
defaultLogHandler @ index.esm2017.js:78
warn @ index.esm2017.js:157
_logWarn @ index-35c79a8a.js:448
_getAppCheckToken @ index-35c79a8a.js:3185
await in _getAppCheckToken
_getAdditionalHeaders @ index-35c79a8a.js:3167
await in _getAdditionalHeaders
(匿名) @ index-35c79a8a.js:902
_performFetchWithErrorHandling @ index-35c79a8a.js:928
_performApiRequest @ index-35c79a8a.js:888
getAccountInfo @ index-35c79a8a.js:1178
_reloadWithoutSaving @ index-35c79a8a.js:1491
await in _reloadWithoutSaving
_fromIdTokenResponse @ index-35c79a8a.js:1916
_fromIdTokenResponse @ index-35c79a8a.js:5549
_signInWithCredential @ index-35c79a8a.js:5819
await in _signInWithCredential
signInWithCredential @ index-35c79a8a.js:5840
signInWithEmailAndPassword @ index-35c79a8a.js:6289
(匿名) @ angular-fire.mjs:161
login @ auth.service.ts:31
(匿名) @ auth.store.ts:65
(匿名) @ switchMap.js:14
OperatorSubscriber2._this._next @ OperatorSubscriber.js:15
Subscriber2.next @ Subscriber.js:34
(匿名) @ tap.js:18
OperatorSubscriber2._this._next @ OperatorSubscriber.js:15
Subscriber2.next @ Subscriber.js:34
(匿名) @ Subject.js:41
errorContext @ errorContext.js:19
Subject2.next @ Subject.js:31
rxMethodFn @ ngrx-signals-rxjs-interop.mjs:14
login @ auth.store.ts:161
onSubmit @ login.component.ts:202
LoginComponent_Template_form_ngSubmit_4_listener @ login.component.ts:15
executeListenerWithErrorHandling @ debug_node.mjs:12874
wrapListenerIn_markDirtyAndPreventDefault @ debug_node.mjs:12857
ConsumerObserver2.next @ Subscriber.js:96
Subscriber2._next @ Subscriber.js:63
Subscriber2.next @ Subscriber.js:34
(匿名) @ Subject.js:41
errorContext @ errorContext.js:19
Subject2.next @ Subject.js:31
emit @ debug_node.mjs:16030
onSubmit @ forms.mjs:5630
FormGroupDirective_submit_HostBindingHandler @ forms.mjs:5727
executeListenerWithErrorHandling @ debug_node.mjs:12874
wrapListenerIn_markDirtyAndPreventDefault @ debug_node.mjs:12857
(匿名) @ dom_renderer.mjs:709
